../Core/Src/main.c:43:13:UART1_Init	40	static
../Core/Src/main.c:74:7:TemperatureSensorHelper	56	static
../Core/Src/main.c:86:7:PressureSensorHelper	56	static
../Core/Src/main.c:98:7:HumiditySensorHelper	56	static
../Core/Src/main.c:110:7:AccelerometerHelper	144	static
../Core/Src/main.c:127:7:GyroscopeHelper	248	static
../Core/Src/main.c:168:7:MagnetometerHelper	160	static
../Core/Src/main.c:187:6:EnforcerOutput	48	static
../Core/Src/main.c:194:6:LEDBlinkHelper	16	static
../Core/Src/main.c:201:13:MX_GPIO_Init	56	static
../Core/Src/main.c:232:6:HAL_GPIO_EXTI_Callback	144	static
../Core/Src/main.c:283:6:RedLightGreenLight_initialise	128	static
../Core/Src/main.c:299:6:RedLightGreenLight_update	128	static
../Core/Src/main.c:374:6:RedLightGreenLight_exit	128	static
../Core/Src/main.c:382:6:CatchAndRun_initialise	88	static
../Core/Src/main.c:396:6:CatchAndRun_update	136	static
../Core/Src/main.c:476:6:CatchAndRun_exit	120	static
../Core/Src/main.c:503:6:toggleState	8	static
../Core/Src/main.c:515:6:endState	40	static
../Core/Src/main.c:524:6:setup	8	static
../Core/Src/main.c:551:5:main	8	static
